[INFO] Scanning for projects...
[INFO] 
[INFO] ----------------< com.evstation:smart-ev-toll-station >-----------------
[INFO] Building smart-ev-toll-station 1.0.0
[INFO]   from pom.xml
[INFO] --------------------------------[ jar ]---------------------------------
[INFO] 
[INFO] --- resources:3.3.1:resources (default-resources) @ smart-ev-toll-station ---
[INFO] Copying 3 resources from src\main\resources to target\classes
[INFO] 
[INFO] --- compiler:3.13.0:compile (default-compile) @ smart-ev-toll-station ---
[INFO] Nothing to compile - all classes are up to date.
[INFO] ------------------------------------------------------------------------
[INFO] BUILD SUCCESS
[INFO] ------------------------------------------------------------------------
[INFO] Total time:  0.737 s
[INFO] Finished at: 2026-03-17T20:22:26+07:00
[INFO] ------------------------------------------------------------------------
